// Jest Snapshot v1, https://goo.gl/fbAQLP

exports[`No Results should render without crashing 1`] = `
<styled.div>
  Sorry, nothing was found! â€‰
  <span
    aria-label="sad face emoji"
    role="img"
  >
    ðŸ˜¢
  </span>
</styled.div>
`;
